---
source: crates/rome_formatter/tests/spec_test.rs
assertion_line: 61
expression: enum_statement.ts

---
# Input
enum    A   {}
enum B {a = "something",
b = "something", c = "something",
d = "something",
e = "something", f = "something",
}

const enum C {
    A, B, C,
    D
    ,
    F
}
---
# Output
enum A { }
enum B {
	a = "something",
	b = "something",
	c = "something",
	d = "something",
	e = "something",
	f = "something",
}

const enum C { A, B, C, D, F }

